h1. Test title


h2. Section Level 1a

h2. Section with anchor Level 1a {anchor:level-1a}

h2. Section with anchor Level 1a {anchor:section_with_anchor_level_1a}

h3. Section Level 2a

h3. Section with anchor Level 2a {anchor:level-2a}

h3. Section with anchor Level 2a {anchor:section_with_anchor_level_2a}

h4. Section Level 3a

h4. Section with anchor Level 3a {anchor:level-3a}

h4. Section with anchor Level 3a {anchor:section_with_anchor_level_3a}

h5. Section Level 4a

h5. Section with anchor Level 4a {anchor:level-4a}

h5. Section with anchor Level 4a {anchor:section_with_anchor_level_4a}

h6. Section Level 5a

h6. Section with anchor Level 5a {anchor:level-5a}

h6. Section with anchor Level 5a {anchor:section_with_anchor_level_5a}
Paragraph with long text bla bla bla bla bla

Line1
Line2

Line1\\ 
Line2

{code}
Source code listing
{code}

{code:language=java}
MarkupDocBuilder builder = MarkupDocBuilders.documentBuilder(MarkupLanguage.CONFLUENCE_MARKUP)
{code}

{panel}
Example
{panel}

{panel:title=Example}
Example
{panel}

{alert}
Example
{alert}

{code:title=Caution}
Listing
{code}

Note : 
{noformat}
Literal
{noformat}

{tip}
Sidebar
{tip}

Warning : 
{html}
Passthrough
{html}


|Row 1 \| Column 1|Row 1 \| Column 2|Row 1 \| Column 3|
|Row 2 \| Column 1|Row 2 \| Column 2|Row 2 \| Column 3|


||Header1|| ||Header3||
|Row 1 \| Column 1|Row 1 \| Column 2||Row 1 \| Column 3|
|Row 2 \| Column 1|Row 2 \| Column 2||Row 2 \| Column 3|


h2. Section Level 1b

h3. Section Level 2b
text line\\ 
{noformat}Literal text line{noformat}\\ 
*Bold text line*\\ 
_Italic text line_\\ 
*bold*_italic_regular\\ 

* Entry1
* Entry2
* Entry 2

{anchor:anchor}
{anchor:simple_anchor}
{anchor:8be261a9de7ce958fe46548a62609aeb}
[text|./document.txt#anchor]\\ 
[#  ɀ µ&|ù This .:/-_  ]\\ 
[text|./document.txt#anchor]\\ 
[#8be261a9de7ce958fe46548a62609aeb]\\ 


